upload 2026-01-11_P007.pdf PENDING
upload 2026-04-08_P007.pdf PENDING
upload F26-8812_electricidad.pdf PENDING
upload FA-1123_construcciones.pdf PENDING
== down-1-run.json
{
  "status": 200,
  "body": {
    "decided": 4,
    "by_decision": {
      "ESCALAR": 2,
      "NO_PAGAR": 2
    },
    "down_sources": {
      "erp": "Sync of 'erp' failed; the previous snapshot stays stored, unused by runs. POST /erp/login : gave up after 6 attempts (last: transport error: ConnectError('All connection attempts failed'))"
    }
  }
}
== down-2-decisions.json
[
  {
    "name": "2026-01-08_P001.pdf",
    "decision": "PAGAR",
    "reason": null
  },
  {
    "name": "2026-03-28_P002.pdf",
    "decision": "NO_PAGAR",
    "reason": "The ERP says PAGADA | The ERP says PAGADA for PO20260476"
  },
  {
    "name": "2026-07-08_P010.pdf",
    "decision": "NO_PAGAR",
    "reason": "IBAN_MISMATCH | Order supplier P010 != supplier P004"
  },
  {
    "name": "2026-03-19_P008.pdf",
    "decision": "NO_PAGAR",
    "reason": "INVALID_DATE 2026-02-31"
  },
  {
    "name": "2026-01-11_P007.pdf",
    "decision": "ESCALAR",
    "reason": "SOURCE_UNAVAILABLE: erp"
  },
  {
    "name": "2026-04-08_P007.pdf",
    "decision": "ESCALAR",
    "reason": "SOURCE_UNAVAILABLE: erp"
  },
  {
    "name": "F26-8812_electricidad.pdf",
    "decision": "NO_PAGAR",
    "reason": "IBAN_MISMATCH"
  },
  {
    "name": "FA-1123_construcciones.pdf",
    "decision": "NO_PAGAR",
    "reason": "INVALID_DATE 2026-02-30"
  }
]
== down-3-sources.json
[
  {
    "id": 1,
    "name": "suppliers",
    "origin": "d7729db76ec7501f35e5cf4ef3383344c5b2bea4c6ea9ece36723663ca2a87ae",
    "rows": 12,
    "loaded_at": "2026-09-19T10:32:39.103005Z",
    "status": null,
    "error": null,
    "checked_at": null
  },
  {
    "id": 2,
    "name": "orders",
    "origin": "d7729db76ec7501f35e5cf4ef3383344c5b2bea4c6ea9ece36723663ca2a87ae",
    "rows": 516,
    "loaded_at": "2026-09-19T10:32:39.103005Z",
    "status": null,
    "error": null,
    "checked_at": null
  },
  {
    "id": 3,
    "name": "parameters",
    "origin": "d7729db76ec7501f35e5cf4ef3383344c5b2bea4c6ea9ece36723663ca2a87ae",
    "rows": 1,
    "loaded_at": "2026-09-19T10:32:39.103005Z",
    "status": null,
    "error": null,
    "checked_at": null
  },
  {
    "id": 4,
    "name": "erp",
    "origin": "erp:2026-09-19T10:32:39+00:00|http://127.0.0.1:8032",
    "rows": 516,
    "loaded_at": "2026-09-19T10:32:39.462724Z",
    "status": "down",
    "error": "SourceUnavailableError: Sync of 'erp' failed; the previous snapshot stays stored, unused by runs. POST /erp/login : gave up after 6 attempts (last: transport error: ConnectError('All connection attempts failed'))",
    "checked_at": "2026-09-19T10:32:53.855722Z"
  }
]
== down-4-health.json
[
  {
    "plane": "ingestion",
    "status": "degraded",
    "spans": 45,
    "errors": 1,
    "error_rate": 0.022,
    "p95_ms": 200.34999999999982,
    "reason": "sources down: 2:erp"
  },
  {
    "plane": "agents",
    "status": "ok",
    "spans": 6,
    "errors": 0,
    "error_rate": 0.0,
    "p95_ms": 54.8,
    "reason": null
  },
  {
    "plane": "execution",
    "status": "ok",
    "spans": 32,
    "errors": 0,
    "error_rate": 0.0,
    "p95_ms": 4612.349999999995,
    "reason": null
  }
]
== down-5-run-trace.json
[
  {
    "depth": 0,
    "step": "run_process",
    "status": "ok",
    "ms": 15735,
    "data": {
      "failures": {
        "SOURCE_UNAVAILABLE": 8
      },
      "by_decision": {
        "ESCALAR": 2,
        "NO_PAGAR": 2
      },
      "down_sources": {
        "erp": "Sync of 'erp' failed; the previous snapshot stays stored, unused by runs. POST /erp/login : gave up after 6 attempts (last: transport error: ConnectError('All connection attempts failed'))"
      }
    }
  },
  {
    "depth": 1,
    "step": "sync_source",
    "status": "error",
    "ms": 15441,
    "data": {
      "error": "SourceUnavailableError: Sync of 'erp' failed; the previous snapshot stays stored, unused by runs. POST /erp/login : gave up after 6 attempts (last: transport error: ConnectError('All connection attempts failed'))",
      "source": "erp"
    }
  },
  {
    "depth": 1,
    "step": "decision",
    "status": "ok",
    "ms": null,
    "data": {}
  },
  {
    "depth": 1,
    "step": "decision",
    "status": "ok",
    "ms": null,
    "data": {}
  },
  {
    "depth": 1,
    "step": "decision",
    "status": "ok",
    "ms": null,
    "data": {}
  },
  {
    "depth": 1,
    "step": "decision",
    "status": "ok",
    "ms": null,
    "data": {}
  }
]
== down-6-sync-spans.json
[
  {
    "step": "sync_source",
    "status": "error",
    "trace_id": "01a0b939e35d5f3f5b1fa5beec75cf6e",
    "parent_id": "523a1ab25f8d71f5",
    "started_at": "2026-09-19T10:32:53.855722Z",
    "data": {
      "error": "SourceUnavailableError: Sync of 'erp' failed; the previous snapshot stays stored, unused by runs. POST /erp/login : gave up after 6 attempts (last: transport error: ConnectError('All connection attempts failed'))",
      "pages": 0,
      "logins": 0,
      "source": "erp",
      "status": {
        "error": "GET /erp/estado : gave up after 6 attempts (last: transport error: ConnectError('All connection attempts failed'))"
      },
      "retries": 10,
      "requests": 12,
      "timeouts": 0,
      "duration_ms": 15441,
      "rate_limited": 0,
      "invalid_values": 0,
      "transient_errors": {
        "ConnectError": 12
      },
      "invalid_responses": 0
    }
  },
  {
    "step": "sync_source",
    "status": "ok",
    "trace_id": "01a0b939ab28384266139c79e3009f5b",
    "parent_id": "98fdd7277d989e6f",
    "started_at": "2026-09-19T10:32:39.468151Z",
    "data": {
      "diff": {
        "added": 516,
        "changed": 0,
        "removed": 0
      },
      "rows": 516,
      "pages": 26,
      "logins": 1,
      "origin": "erp:2026-09-19T10:32:39+00:00|http://127.0.0.1:8032",
      "source": "erp",
      "status": {
        "entries": "516",
        "update_loaded": "NO"
      },
      "retries": 2,
      "requests": 30,
      "timeouts": 0,
      "rows_hash": "216c4e276f9c74fd801c62c3497256abeb6764fef8710fb660e05878ea3e6fbd",
      "source_id": 4,
      "duration_ms": 5053,
      "rate_limited": 0,
      "invalid_values": 0,
      "transient_errors": {
        "ORA-00600": 2
      },
      "invalid_responses": 0
    }
  }
]
