Warning: You are sending unauthenticated requests to the HF Hub. Please set a HF_TOKEN to enable higher rate limits and faster downloads.
{
  "det": {
    "repo": "PaddlePaddle/PP-OCRv5_mobile_det_onnx",
    "revision": "df0bd9dee2bc627e80a2a1798ccab35a332e22d6",
    "sha256": "a431985659dc921974177a95adcfbb90fd9e51989a5e04d70d0b75f597b6e61d"
  },
  "rec": {
    "repo": "PaddlePaddle/latin_PP-OCRv5_mobile_rec_onnx",
    "revision": "89d3a50e2c27e2e7cceeab0e944c25c807d5db4f",
    "sha256": "7888113072263cb471b93f66dd5e2ad70548dc526fa1ace760d0d973dd121498"
  },
  "keys_sha256": "ccbcc45730b3fbbd9050c5bc74db6a99067141ef1035e3d14889a84a6b9b1aff",
  "verification": {
    "det": {
      "repo": "PaddlePaddle/PP-OCRv5_mobile_det_onnx",
      "revision": "df0bd9dee2bc627e80a2a1798ccab35a332e22d6",
      "sha256": "a431985659dc921974177a95adcfbb90fd9e51989a5e04d70d0b75f597b6e61d"
    },
    "rec": {
      "repo": "PaddlePaddle/PP-OCRv5_server_rec_onnx",
      "revision": "b70df217f4fd99d14f970bad092cebe7d74cc4d1",
      "sha256": "d9dc333c9c7b042c6dffb8e33d72b6f65c9c1d463d0a3c2f78174fea55e94752"
    },
    "keys_sha256": "d1979e9f794c464c0d2e0b70a7fe14dd978e9dc644c0e71f14158cdf8342af1b"
  }
}
