[ERP 2009] ERP Miralmar · bridge AS/400 2.3.1 (2009)
[ERP 2009] escuchando en http://127.0.0.1:8009  ·  asientos: 516
[ERP 2009] login: POST /erp/login (ver MANUAL_ERP_2009.md) · Ctrl+C para apagar (no lo sabra nadie)
[ERP 2009] 03:45:36 "GET / HTTP/1.1" 200 -
[ERP 2009] 03:46:09 "GET /erp/estado HTTP/1.1" 200 -
[ERP 2009] 03:46:09 "POST /erp/login HTTP/1.1" 200 -
[ERP 2009] 03:46:09 "GET /erp/asientos?pagina=1 HTTP/1.1" 200 -
[ERP 2009] 03:46:09 GET /erp/asientos?pagina=1 -> 200 (20 asientos, pagina 1/26)
[ERP 2009] 03:46:10 "GET /erp/asientos?pagina=2 HTTP/1.1" 200 -
[ERP 2009] 03:46:10 GET /erp/asientos?pagina=2 -> 200 (20 asientos, pagina 2/26)
[ERP 2009] 03:46:10 "GET /erp/asientos?pagina=3 HTTP/1.1" 200 -
[ERP 2009] 03:46:10 GET /erp/asientos?pagina=3 -> 200 (20 asientos, pagina 3/26)
[ERP 2009] 03:46:10 "GET /erp/asientos?pagina=4 HTTP/1.1" 200 -
[ERP 2009] 03:46:10 GET /erp/asientos?pagina=4 -> 200 (20 asientos, pagina 4/26)
[ERP 2009] 03:46:10 "GET /erp/asientos?pagina=5 HTTP/1.1" 200 -
[ERP 2009] 03:46:10 GET /erp/asientos?pagina=5 -> 200 (20 asientos, pagina 5/26)
[ERP 2009] 03:46:10 "GET /erp/asientos?pagina=6 HTTP/1.1" 200 -
[ERP 2009] 03:46:10 GET /erp/asientos?pagina=6 -> 200 (20 asientos, pagina 6/26)
[ERP 2009] 03:46:10 "GET /erp/asientos?pagina=7 HTTP/1.1" 200 -
[ERP 2009] 03:46:10 GET /erp/asientos?pagina=7 -> 200 (20 asientos, pagina 7/26)
[ERP 2009] 03:46:11 "GET /erp/asientos?pagina=8 HTTP/1.1" 200 -
[ERP 2009] 03:46:11 GET /erp/asientos?pagina=8 -> 200 (20 asientos, pagina 8/26)
[ERP 2009] 03:46:11 "GET /erp/asientos?pagina=9 HTTP/1.1" 200 -
[ERP 2009] 03:46:11 GET /erp/asientos?pagina=9 -> 200 (20 asientos, pagina 9/26)
[ERP 2009] 03:46:11 "GET /erp/asientos?pagina=10 HTTP/1.1" 500 -
[ERP 2009] 03:46:11 "GET /erp/asientos?pagina=10 HTTP/1.1" 200 -
[ERP 2009] 03:46:11 GET /erp/asientos?pagina=10 -> 200 (20 asientos, pagina 10/26)
[ERP 2009] 03:46:11 "GET /erp/asientos?pagina=11 HTTP/1.1" 200 -
[ERP 2009] 03:46:11 GET /erp/asientos?pagina=11 -> 200 (20 asientos, pagina 11/26)
[ERP 2009] 03:46:12 "GET /erp/asientos?pagina=12 HTTP/1.1" 200 -
[ERP 2009] 03:46:12 GET /erp/asientos?pagina=12 -> 200 (20 asientos, pagina 12/26)
[ERP 2009] 03:46:12 "GET /erp/asientos?pagina=13 HTTP/1.1" 200 -
[ERP 2009] 03:46:12 GET /erp/asientos?pagina=13 -> 200 (20 asientos, pagina 13/26)
[ERP 2009] 03:46:12 "GET /erp/asientos?pagina=14 HTTP/1.1" 200 -
[ERP 2009] 03:46:12 GET /erp/asientos?pagina=14 -> 200 (20 asientos, pagina 14/26)
[ERP 2009] 03:46:12 "GET /erp/asientos?pagina=15 HTTP/1.1" 200 -
[ERP 2009] 03:46:12 GET /erp/asientos?pagina=15 -> 200 (20 asientos, pagina 15/26)
[ERP 2009] 03:46:12 "GET /erp/asientos?pagina=16 HTTP/1.1" 200 -
[ERP 2009] 03:46:12 GET /erp/asientos?pagina=16 -> 200 (20 asientos, pagina 16/26)
[ERP 2009] 03:46:12 "GET /erp/asientos?pagina=17 HTTP/1.1" 200 -
[ERP 2009] 03:46:12 GET /erp/asientos?pagina=17 -> 200 (20 asientos, pagina 17/26)
[ERP 2009] 03:46:13 "GET /erp/asientos?pagina=18 HTTP/1.1" 200 -
[ERP 2009] 03:46:13 GET /erp/asientos?pagina=18 -> 200 (20 asientos, pagina 18/26)
[ERP 2009] 03:46:13 "GET /erp/asientos?pagina=19 HTTP/1.1" 500 -
[ERP 2009] 03:46:13 "GET /erp/asientos?pagina=19 HTTP/1.1" 200 -
[ERP 2009] 03:46:13 GET /erp/asientos?pagina=19 -> 200 (20 asientos, pagina 19/26)
[ERP 2009] 03:46:13 "GET /erp/asientos?pagina=20 HTTP/1.1" 200 -
[ERP 2009] 03:46:13 GET /erp/asientos?pagina=20 -> 200 (20 asientos, pagina 20/26)
[ERP 2009] 03:46:13 "GET /erp/asientos?pagina=21 HTTP/1.1" 200 -
[ERP 2009] 03:46:13 GET /erp/asientos?pagina=21 -> 200 (20 asientos, pagina 21/26)
[ERP 2009] 03:46:14 "GET /erp/asientos?pagina=22 HTTP/1.1" 200 -
[ERP 2009] 03:46:14 GET /erp/asientos?pagina=22 -> 200 (20 asientos, pagina 22/26)
[ERP 2009] 03:46:14 "GET /erp/asientos?pagina=23 HTTP/1.1" 200 -
[ERP 2009] 03:46:14 GET /erp/asientos?pagina=23 -> 200 (20 asientos, pagina 23/26)
[ERP 2009] 03:46:14 "GET /erp/asientos?pagina=24 HTTP/1.1" 200 -
[ERP 2009] 03:46:14 GET /erp/asientos?pagina=24 -> 200 (20 asientos, pagina 24/26)
[ERP 2009] 03:46:14 "GET /erp/asientos?pagina=25 HTTP/1.1" 200 -
[ERP 2009] 03:46:14 GET /erp/asientos?pagina=25 -> 200 (20 asientos, pagina 25/26)
[ERP 2009] 03:46:14 "GET /erp/asientos?pagina=26 HTTP/1.1" 200 -
[ERP 2009] 03:46:14 GET /erp/asientos?pagina=26 -> 200 (16 asientos, pagina 26/26)
[ERP 2009] 04:45:09 "GET / HTTP/1.1" 200 -
[ERP 2009] 04:47:08 "GET /erp/estado HTTP/1.1" 200 -
[ERP 2009] 04:47:09 "POST /erp/login HTTP/1.1" 200 -
[ERP 2009] 04:47:09 "GET /erp/asientos?pagina=1 HTTP/1.1" 200 -
[ERP 2009] 04:47:09 GET /erp/asientos?pagina=1 -> 200 (20 asientos, pagina 1/26)
[ERP 2009] 04:47:09 "GET /erp/asientos?pagina=2 HTTP/1.1" 500 -
[ERP 2009] 04:47:09 "GET /erp/asientos?pagina=2 HTTP/1.1" 200 -
[ERP 2009] 04:47:09 GET /erp/asientos?pagina=2 -> 200 (20 asientos, pagina 2/26)
[ERP 2009] 04:47:09 "GET /erp/asientos?pagina=3 HTTP/1.1" 200 -
[ERP 2009] 04:47:09 GET /erp/asientos?pagina=3 -> 200 (20 asientos, pagina 3/26)
[ERP 2009] 04:47:09 "GET /erp/asientos?pagina=4 HTTP/1.1" 200 -
[ERP 2009] 04:47:09 GET /erp/asientos?pagina=4 -> 200 (20 asientos, pagina 4/26)
[ERP 2009] 04:47:10 "GET /erp/asientos?pagina=5 HTTP/1.1" 200 -
[ERP 2009] 04:47:10 GET /erp/asientos?pagina=5 -> 200 (20 asientos, pagina 5/26)
[ERP 2009] 04:47:10 "GET /erp/asientos?pagina=6 HTTP/1.1" 200 -
[ERP 2009] 04:47:10 GET /erp/asientos?pagina=6 -> 200 (20 asientos, pagina 6/26)
[ERP 2009] 04:47:10 "GET /erp/asientos?pagina=7 HTTP/1.1" 200 -
[ERP 2009] 04:47:10 GET /erp/asientos?pagina=7 -> 200 (20 asientos, pagina 7/26)
[ERP 2009] 04:47:10 "GET /erp/asientos?pagina=8 HTTP/1.1" 200 -
[ERP 2009] 04:47:10 GET /erp/asientos?pagina=8 -> 200 (20 asientos, pagina 8/26)
[ERP 2009] 04:47:10 "GET /erp/asientos?pagina=9 HTTP/1.1" 200 -
[ERP 2009] 04:47:10 GET /erp/asientos?pagina=9 -> 200 (20 asientos, pagina 9/26)
[ERP 2009] 04:47:10 "GET /erp/asientos?pagina=10 HTTP/1.1" 200 -
[ERP 2009] 04:47:10 GET /erp/asientos?pagina=10 -> 200 (20 asientos, pagina 10/26)
[ERP 2009] 04:47:11 "GET /erp/asientos?pagina=11 HTTP/1.1" 500 -
[ERP 2009] 04:47:11 "GET /erp/asientos?pagina=11 HTTP/1.1" 200 -
[ERP 2009] 04:47:11 GET /erp/asientos?pagina=11 -> 200 (20 asientos, pagina 11/26)
[ERP 2009] 04:47:11 "GET /erp/asientos?pagina=12 HTTP/1.1" 200 -
[ERP 2009] 04:47:11 GET /erp/asientos?pagina=12 -> 200 (20 asientos, pagina 12/26)
[ERP 2009] 04:47:11 "GET /erp/asientos?pagina=13 HTTP/1.1" 200 -
[ERP 2009] 04:47:11 GET /erp/asientos?pagina=13 -> 200 (20 asientos, pagina 13/26)
[ERP 2009] 04:47:11 "GET /erp/asientos?pagina=14 HTTP/1.1" 200 -
[ERP 2009] 04:47:11 GET /erp/asientos?pagina=14 -> 200 (20 asientos, pagina 14/26)
[ERP 2009] 04:47:12 "GET /erp/asientos?pagina=15 HTTP/1.1" 200 -
[ERP 2009] 04:47:12 GET /erp/asientos?pagina=15 -> 200 (20 asientos, pagina 15/26)
[ERP 2009] 04:47:12 "GET /erp/asientos?pagina=16 HTTP/1.1" 200 -
[ERP 2009] 04:47:12 GET /erp/asientos?pagina=16 -> 200 (20 asientos, pagina 16/26)
[ERP 2009] 04:47:12 "GET /erp/asientos?pagina=17 HTTP/1.1" 200 -
[ERP 2009] 04:47:12 GET /erp/asientos?pagina=17 -> 200 (20 asientos, pagina 17/26)
[ERP 2009] 04:47:12 "GET /erp/asientos?pagina=18 HTTP/1.1" 200 -
[ERP 2009] 04:47:12 GET /erp/asientos?pagina=18 -> 200 (20 asientos, pagina 18/26)
[ERP 2009] 04:47:12 "GET /erp/asientos?pagina=19 HTTP/1.1" 200 -
[ERP 2009] 04:47:12 GET /erp/asientos?pagina=19 -> 200 (20 asientos, pagina 19/26)
[ERP 2009] 04:47:12 "GET /erp/asientos?pagina=20 HTTP/1.1" 500 -
[ERP 2009] 04:47:13 "GET /erp/asientos?pagina=20 HTTP/1.1" 200 -
[ERP 2009] 04:47:13 GET /erp/asientos?pagina=20 -> 200 (20 asientos, pagina 20/26)
[ERP 2009] 04:47:13 "GET /erp/asientos?pagina=21 HTTP/1.1" 200 -
[ERP 2009] 04:47:13 GET /erp/asientos?pagina=21 -> 200 (20 asientos, pagina 21/26)
[ERP 2009] 04:47:13 "GET /erp/asientos?pagina=22 HTTP/1.1" 200 -
[ERP 2009] 04:47:13 GET /erp/asientos?pagina=22 -> 200 (20 asientos, pagina 22/26)
[ERP 2009] 04:47:13 "GET /erp/asientos?pagina=23 HTTP/1.1" 200 -
[ERP 2009] 04:47:13 GET /erp/asientos?pagina=23 -> 200 (20 asientos, pagina 23/26)
[ERP 2009] 04:47:13 "GET /erp/asientos?pagina=24 HTTP/1.1" 200 -
[ERP 2009] 04:47:13 GET /erp/asientos?pagina=24 -> 200 (20 asientos, pagina 24/26)
[ERP 2009] 04:47:13 "GET /erp/asientos?pagina=25 HTTP/1.1" 200 -
[ERP 2009] 04:47:13 GET /erp/asientos?pagina=25 -> 200 (20 asientos, pagina 25/26)
[ERP 2009] 04:47:14 "GET /erp/asientos?pagina=26 HTTP/1.1" 200 -
[ERP 2009] 04:47:14 GET /erp/asientos?pagina=26 -> 200 (16 asientos, pagina 26/26)
[ERP 2009] 09:11:14 "GET / HTTP/1.1" 200 -
[ERP 2009] 09:14:35 "GET /erp/estado HTTP/1.1" 200 -
[ERP 2009] 09:14:35 "POST /erp/login HTTP/1.1" 200 -
[ERP 2009] 09:14:35 "GET /erp/asientos?pagina=1 HTTP/1.1" 200 -
[ERP 2009] 09:14:35 GET /erp/asientos?pagina=1 -> 200 (20 asientos, pagina 1/26)
[ERP 2009] 09:14:36 "GET /erp/asientos?pagina=2 HTTP/1.1" 200 -
[ERP 2009] 09:14:36 GET /erp/asientos?pagina=2 -> 200 (20 asientos, pagina 2/26)
[ERP 2009] 09:14:36 "GET /erp/asientos?pagina=3 HTTP/1.1" 500 -
[ERP 2009] 09:14:36 "GET /erp/asientos?pagina=3 HTTP/1.1" 200 -
[ERP 2009] 09:14:36 GET /erp/asientos?pagina=3 -> 200 (20 asientos, pagina 3/26)
[ERP 2009] 09:14:36 "GET /erp/asientos?pagina=4 HTTP/1.1" 200 -
[ERP 2009] 09:14:36 GET /erp/asientos?pagina=4 -> 200 (20 asientos, pagina 4/26)
[ERP 2009] 09:14:36 "GET /erp/asientos?pagina=5 HTTP/1.1" 200 -
[ERP 2009] 09:14:36 GET /erp/asientos?pagina=5 -> 200 (20 asientos, pagina 5/26)
[ERP 2009] 09:14:36 "GET /erp/asientos?pagina=6 HTTP/1.1" 200 -
[ERP 2009] 09:14:36 GET /erp/asientos?pagina=6 -> 200 (20 asientos, pagina 6/26)
[ERP 2009] 09:14:37 "GET /erp/asientos?pagina=7 HTTP/1.1" 200 -
[ERP 2009] 09:14:37 GET /erp/asientos?pagina=7 -> 200 (20 asientos, pagina 7/26)
[ERP 2009] 09:14:37 "GET /erp/asientos?pagina=8 HTTP/1.1" 200 -
[ERP 2009] 09:14:37 GET /erp/asientos?pagina=8 -> 200 (20 asientos, pagina 8/26)
[ERP 2009] 09:14:37 "GET /erp/asientos?pagina=9 HTTP/1.1" 200 -
[ERP 2009] 09:14:37 GET /erp/asientos?pagina=9 -> 200 (20 asientos, pagina 9/26)
[ERP 2009] 09:14:37 "GET /erp/asientos?pagina=10 HTTP/1.1" 200 -
[ERP 2009] 09:14:37 GET /erp/asientos?pagina=10 -> 200 (20 asientos, pagina 10/26)
[ERP 2009] 09:14:37 "GET /erp/asientos?pagina=11 HTTP/1.1" 200 -
[ERP 2009] 09:14:37 GET /erp/asientos?pagina=11 -> 200 (20 asientos, pagina 11/26)
[ERP 2009] 09:14:37 "GET /erp/asientos?pagina=12 HTTP/1.1" 500 -
[ERP 2009] 09:14:38 "GET /erp/asientos?pagina=12 HTTP/1.1" 200 -
[ERP 2009] 09:14:38 GET /erp/asientos?pagina=12 -> 200 (20 asientos, pagina 12/26)
[ERP 2009] 09:14:38 "GET /erp/asientos?pagina=13 HTTP/1.1" 200 -
[ERP 2009] 09:14:38 GET /erp/asientos?pagina=13 -> 200 (20 asientos, pagina 13/26)
[ERP 2009] 09:14:38 "GET /erp/asientos?pagina=14 HTTP/1.1" 200 -
[ERP 2009] 09:14:38 GET /erp/asientos?pagina=14 -> 200 (20 asientos, pagina 14/26)
[ERP 2009] 09:14:38 "GET /erp/asientos?pagina=15 HTTP/1.1" 200 -
[ERP 2009] 09:14:38 GET /erp/asientos?pagina=15 -> 200 (20 asientos, pagina 15/26)
[ERP 2009] 09:14:38 "GET /erp/asientos?pagina=16 HTTP/1.1" 200 -
[ERP 2009] 09:14:38 GET /erp/asientos?pagina=16 -> 200 (20 asientos, pagina 16/26)
[ERP 2009] 09:14:39 "GET /erp/asientos?pagina=17 HTTP/1.1" 200 -
[ERP 2009] 09:14:39 GET /erp/asientos?pagina=17 -> 200 (20 asientos, pagina 17/26)
[ERP 2009] 09:14:39 "GET /erp/asientos?pagina=18 HTTP/1.1" 200 -
[ERP 2009] 09:14:39 GET /erp/asientos?pagina=18 -> 200 (20 asientos, pagina 18/26)
[ERP 2009] 09:14:39 "GET /erp/asientos?pagina=19 HTTP/1.1" 200 -
[ERP 2009] 09:14:39 GET /erp/asientos?pagina=19 -> 200 (20 asientos, pagina 19/26)
[ERP 2009] 09:14:39 "GET /erp/asientos?pagina=20 HTTP/1.1" 200 -
[ERP 2009] 09:14:39 GET /erp/asientos?pagina=20 -> 200 (20 asientos, pagina 20/26)
[ERP 2009] 09:14:39 "GET /erp/asientos?pagina=21 HTTP/1.1" 500 -
[ERP 2009] 09:14:40 "GET /erp/asientos?pagina=21 HTTP/1.1" 200 -
[ERP 2009] 09:14:40 GET /erp/asientos?pagina=21 -> 200 (20 asientos, pagina 21/26)
[ERP 2009] 09:14:40 "GET /erp/asientos?pagina=22 HTTP/1.1" 200 -
[ERP 2009] 09:14:40 GET /erp/asientos?pagina=22 -> 200 (20 asientos, pagina 22/26)
[ERP 2009] 09:14:40 "GET /erp/asientos?pagina=23 HTTP/1.1" 200 -
[ERP 2009] 09:14:40 GET /erp/asientos?pagina=23 -> 200 (20 asientos, pagina 23/26)
[ERP 2009] 09:14:40 "GET /erp/asientos?pagina=24 HTTP/1.1" 200 -
[ERP 2009] 09:14:40 GET /erp/asientos?pagina=24 -> 200 (20 asientos, pagina 24/26)
[ERP 2009] 09:14:40 "GET /erp/asientos?pagina=25 HTTP/1.1" 200 -
[ERP 2009] 09:14:40 GET /erp/asientos?pagina=25 -> 200 (20 asientos, pagina 25/26)
[ERP 2009] 09:14:40 "GET /erp/asientos?pagina=26 HTTP/1.1" 200 -
[ERP 2009] 09:14:40 GET /erp/asientos?pagina=26 -> 200 (16 asientos, pagina 26/26)
[ERP 2009] 10:05:42 "GET /erp/estado HTTP/1.1" 200 -
[ERP 2009] 10:05:42 "POST /erp/login HTTP/1.1" 200 -
[ERP 2009] 10:05:42 "GET /erp/asientos?pagina=1 HTTP/1.1" 200 -
[ERP 2009] 10:05:42 GET /erp/asientos?pagina=1 -> 200 (20 asientos, pagina 1/26)
[ERP 2009] 10:05:42 "GET /erp/asientos?pagina=2 HTTP/1.1" 200 -
[ERP 2009] 10:05:42 GET /erp/asientos?pagina=2 -> 200 (20 asientos, pagina 2/26)
[ERP 2009] 10:05:42 "GET /erp/asientos?pagina=3 HTTP/1.1" 200 -
[ERP 2009] 10:05:42 GET /erp/asientos?pagina=3 -> 200 (20 asientos, pagina 3/26)
[ERP 2009] 10:05:43 "GET /erp/asientos?pagina=4 HTTP/1.1" 500 -
[ERP 2009] 10:05:43 "GET /erp/asientos?pagina=4 HTTP/1.1" 200 -
[ERP 2009] 10:05:43 GET /erp/asientos?pagina=4 -> 200 (20 asientos, pagina 4/26)
[ERP 2009] 10:05:43 "GET /erp/asientos?pagina=5 HTTP/1.1" 200 -
[ERP 2009] 10:05:43 GET /erp/asientos?pagina=5 -> 200 (20 asientos, pagina 5/26)
[ERP 2009] 10:05:43 "GET /erp/asientos?pagina=6 HTTP/1.1" 200 -
[ERP 2009] 10:05:43 GET /erp/asientos?pagina=6 -> 200 (20 asientos, pagina 6/26)
[ERP 2009] 10:05:43 "GET /erp/asientos?pagina=7 HTTP/1.1" 200 -
[ERP 2009] 10:05:43 GET /erp/asientos?pagina=7 -> 200 (20 asientos, pagina 7/26)
[ERP 2009] 10:05:44 "GET /erp/asientos?pagina=8 HTTP/1.1" 200 -
[ERP 2009] 10:05:44 GET /erp/asientos?pagina=8 -> 200 (20 asientos, pagina 8/26)
[ERP 2009] 10:05:44 "GET /erp/asientos?pagina=9 HTTP/1.1" 200 -
[ERP 2009] 10:05:44 GET /erp/asientos?pagina=9 -> 200 (20 asientos, pagina 9/26)
[ERP 2009] 10:05:44 "GET /erp/asientos?pagina=10 HTTP/1.1" 200 -
[ERP 2009] 10:05:44 GET /erp/asientos?pagina=10 -> 200 (20 asientos, pagina 10/26)
[ERP 2009] 10:05:44 "GET /erp/asientos?pagina=11 HTTP/1.1" 200 -
[ERP 2009] 10:05:44 GET /erp/asientos?pagina=11 -> 200 (20 asientos, pagina 11/26)
[ERP 2009] 10:05:44 "GET /erp/asientos?pagina=12 HTTP/1.1" 200 -
[ERP 2009] 10:05:44 GET /erp/asientos?pagina=12 -> 200 (20 asientos, pagina 12/26)
[ERP 2009] 10:05:44 "GET /erp/asientos?pagina=13 HTTP/1.1" 500 -
[ERP 2009] 10:05:45 "GET /erp/asientos?pagina=13 HTTP/1.1" 200 -
[ERP 2009] 10:05:45 GET /erp/asientos?pagina=13 -> 200 (20 asientos, pagina 13/26)
[ERP 2009] 10:05:45 "GET /erp/asientos?pagina=14 HTTP/1.1" 200 -
[ERP 2009] 10:05:45 GET /erp/asientos?pagina=14 -> 200 (20 asientos, pagina 14/26)
[ERP 2009] 10:05:45 "GET /erp/asientos?pagina=15 HTTP/1.1" 200 -
[ERP 2009] 10:05:45 GET /erp/asientos?pagina=15 -> 200 (20 asientos, pagina 15/26)
[ERP 2009] 10:05:45 "GET /erp/asientos?pagina=16 HTTP/1.1" 200 -
[ERP 2009] 10:05:45 GET /erp/asientos?pagina=16 -> 200 (20 asientos, pagina 16/26)
[ERP 2009] 10:05:45 "GET /erp/asientos?pagina=17 HTTP/1.1" 200 -
[ERP 2009] 10:05:45 GET /erp/asientos?pagina=17 -> 200 (20 asientos, pagina 17/26)
[ERP 2009] 10:05:46 "GET /erp/asientos?pagina=18 HTTP/1.1" 200 -
[ERP 2009] 10:05:46 GET /erp/asientos?pagina=18 -> 200 (20 asientos, pagina 18/26)
[ERP 2009] 10:05:46 "GET /erp/asientos?pagina=19 HTTP/1.1" 200 -
[ERP 2009] 10:05:46 GET /erp/asientos?pagina=19 -> 200 (20 asientos, pagina 19/26)
[ERP 2009] 10:05:46 "GET /erp/asientos?pagina=20 HTTP/1.1" 200 -
[ERP 2009] 10:05:46 GET /erp/asientos?pagina=20 -> 200 (20 asientos, pagina 20/26)
[ERP 2009] 10:05:46 "GET /erp/asientos?pagina=21 HTTP/1.1" 200 -
[ERP 2009] 10:05:46 GET /erp/asientos?pagina=21 -> 200 (20 asientos, pagina 21/26)
[ERP 2009] 10:05:46 "GET /erp/asientos?pagina=22 HTTP/1.1" 500 -
[ERP 2009] 10:05:46 "GET /erp/asientos?pagina=22 HTTP/1.1" 200 -
[ERP 2009] 10:05:46 GET /erp/asientos?pagina=22 -> 200 (20 asientos, pagina 22/26)
[ERP 2009] 10:05:47 "GET /erp/asientos?pagina=23 HTTP/1.1" 200 -
[ERP 2009] 10:05:47 GET /erp/asientos?pagina=23 -> 200 (20 asientos, pagina 23/26)
[ERP 2009] 10:05:47 "GET /erp/asientos?pagina=24 HTTP/1.1" 200 -
[ERP 2009] 10:05:47 GET /erp/asientos?pagina=24 -> 200 (20 asientos, pagina 24/26)
[ERP 2009] 10:05:47 "GET /erp/asientos?pagina=25 HTTP/1.1" 200 -
[ERP 2009] 10:05:47 GET /erp/asientos?pagina=25 -> 200 (20 asientos, pagina 25/26)
[ERP 2009] 10:05:47 "GET /erp/asientos?pagina=26 HTTP/1.1" 200 -
[ERP 2009] 10:05:47 GET /erp/asientos?pagina=26 -> 200 (16 asientos, pagina 26/26)
