POST /processes/definition -> 200 (43 ms)
POST /processes/2/run -> 409 (20 ms)
POST /processes/2/sources/workbook -> 201 (203 ms)
POST /processes/2/sources/erp/sync -> 200 (4868 ms)
POST /processes/2/files -> 201 (43 ms)
POST /processes/2/files -> 201 (18 ms)
POST /processes/2/files -> 201 (18 ms)
POST /processes/2/files -> 201 (16 ms)
POST /processes/2/files -> 201 (20 ms)
POST /processes/2/files -> 201 (18 ms)
POST /processes/2/files -> 201 (17 ms)
POST /processes/2/files -> 201 (16 ms)
POST /processes/2/files -> 201 (14 ms)
POST /processes/2/files -> 201 (15 ms)
POST /processes/2/files -> 201 (15 ms)
POST /processes/2/files -> 201 (18 ms)
POST /processes/2/files -> 201 (29 ms)
POST /processes/2/files -> 201 (19 ms)
POST /processes/2/files -> 201 (21 ms)
POST /processes/2/files -> 201 (25 ms)
POST /processes/2/files -> 201 (24 ms)
POST /processes/2/files -> 201 (25 ms)
POST /processes/2/files -> 201 (3508 ms)
POST /processes/2/files -> 201 (1950 ms)
